// Jest Snapshot v1, https://goo.gl/fbAQLP

exports[`matches snapshot 1`] = `
<div
  className="sc-dlnjwi dpSWgP"
  data-testid="pagination"
>
  <button
    className="sc-bdnxRM hsALWb"
    onClick={[Function]}
  >
    &lt;&lt;
  </button>
  <button
    className="sc-bdnxRM hsALWb"
    onClick={[Function]}
  >
    &lt;
  </button>
  <select
    className="page-dropdown"
    id="page"
    name="page"
    onChange={[Function]}
  >
    <option
      data-testid="option-0"
      value={1}
    >
      Current page: 
      1
    </option>
    <option
      data-testid="option-1"
      value={2}
    >
      Current page: 
      2
    </option>
    <option
      data-testid="option-2"
      value={3}
    >
      Current page: 
      3
    </option>
    <option
      data-testid="option-3"
      value={4}
    >
      Current page: 
      4
    </option>
  </select>
  <button
    className="sc-bdnxRM hsALWb"
    onClick={[Function]}
  >
    &gt;
  </button>
  <button
    className="sc-bdnxRM hsALWb"
    onClick={[Function]}
  >
    &gt;&gt;
  </button>
</div>
`;
